============================= test session starts =============================
platform win32 -- Python 3.9.7, pytest-6.2.4, py-1.10.0, pluggy-0.13.1
rootdir: C:\Users\heday\dev\python\evobot
plugins: anyio-4.4.0
collected 0 items / 1 error

=================================== ERRORS ====================================
________________ ERROR collecting test_telegram_setup_flow.py _________________
ImportError while importing test module 'C:\Users\heday\dev\python\evobot\test_telegram_setup_flow.py'.
Hint: make sure your test modules/packages have valid Python names.
Traceback:
..\..\..\anaconda3\lib\importlib\__init__.py:127: in import_module
    return _bootstrap._gcd_import(name[level:], package, level)
test_telegram_setup_flow.py:4: in <module>
    from dashboard.app import app
dashboard\app.py:21: in <module>
    from config.settings import config
config\__init__.py:4: in <module>
    from .settings import config, Config, TelegramConfig, BrokerConfig, TradingConfig, RiskConfig
config\settings.py:8: in <module>
    from dotenv import load_dotenv
E   ModuleNotFoundError: No module named 'dotenv'
============================== warnings summary ===============================
..\..\..\anaconda3\lib\site-packages\pyreadline\py3k_compat.py:8
  C:\Users\heday\anaconda3\lib\site-packages\pyreadline\py3k_compat.py:8: DeprecationWarning: Using or importing the ABCs from 'collections' instead of from 'collections.abc' is deprecated since Python 3.3, and in 3.10 it will stop working
    return isinstance(x, collections.Callable)

..\..\..\anaconda3\lib\site-packages\trio\_core\_multierror.py:511
  C:\Users\heday\anaconda3\lib\site-packages\trio\_core\_multierror.py:511: RuntimeWarning: You seem to already have a custom sys.excepthook handler installed. I'll skip installing Trio's custom handler, but this means MultiErrors will not show full tracebacks.
    warnings.warn(

-- Docs: https://docs.pytest.org/en/stable/warnings.html
=========================== short test summary info ===========================
ERROR test_telegram_setup_flow.py
!!!!!!!!!!!!!!!!!!! Interrupted: 1 error during collection !!!!!!!!!!!!!!!!!!!!
======================== 2 warnings, 1 error in 1.47s =========================
